[www.karthikjambunathan.com/index.html]
[static.parastorage.com/services/wix-thunderbolt/dist/webpack-runtime.2d16b2f1.bundle.min.js]
[static.parastorage.com/unpkg/core-js-bundle@3.2.1/minified.js]
[static.parastorage.com/unpkg/focus-within-polyfill@5.0.9/dist/focus-within-polyfill.js]
[www.karthikjambunathan.com/i.3.delayed]
[www.karthikjambunathan.com/t.4.delayed]
[backblue.gif]
[fade.gif]
[index.html]
[static.wixstatic.com/media/nsplsh_43238f353b4d43dca5ea199627a8f0a1_mv2.jpg/v1/fill/w_288,h_192,al_c,q_80,usm_0.66_1.00_0.01,blur_2/nsplsh_43238f353b4d43dca5ea199627a8f0a1_mv2.jpg]
[static.wixstatic.com/media/f68c7b_f4b08d141f1b49ed831ede751b1f78df_mv2.png/v1/fill/w_94,h_75,al_c,q_85,usm_0.66_1.00_0.01,enc_avif/f68c7b_f4b08d141f1b49ed831ede751b1f78df_mv2.png]
[www.karthikjambunathan.com/redesigning-the-ece-website-home-page.html]
[www.karthikjambunathan.com/case-studies.html]
[www.karthikjambunathan.com/navigation-menu-textile-museum.html]
[www.karthikjambunathan.com/museum-tickets-app.html]
[www.karthikjambunathan.com/ui-redesigns-web-platforms.html]
[www.karthikjambunathan.com/sono.html]
[www.karthikjambunathan.com/_files/ugd/Karthik%20Jambunathan%20Resume.pdf_; filename_=UTF-8''Karthik%20Jambunathan%20Resume.pdf]
[static.wixstatic.com/media/f68c7b_92c9de29f63747e887c6a41e5a97cf55_mv2.png/v1/fill/w_52,h_51,al_c,q_85,usm_0.66_1.00_0.01,enc_avif/f68c7b_92c9de29f63747e887c6a41e5a97cf55_mv2.png]
[static.wixstatic.com/media/f68c7b_77f3b01ebc4f45a1ba427a4e8d95bc3f_mv2.png/v1/fill/w_52,h_51,al_c,q_85,usm_0.66_1.00_0.01,enc_avif/f68c7b_77f3b01ebc4f45a1ba427a4e8d95bc3f_mv2.png]
[static.wixstatic.com/media/f68c7b_cda702ddc2c44e179a19dbddacc9c058_mv2.png/v1/fill/w_46,h_51,al_c,q_85,usm_0.66_1.00_0.01,enc_avif/f68c7b_cda702ddc2c44e179a19dbddacc9c058_mv2.png]
[static.wixstatic.com/media/f68c7b_0d6d0729dc554aeb8cd02e36ddfff81d_mv2.png/v1/fill/w_52,h_51,al_c,q_85,usm_0.66_1.00_0.01,enc_avif/f68c7b_0d6d0729dc554aeb8cd02e36ddfff81d_mv2.png]
[static.wixstatic.com/media/f68c7b_c7bf619e5f974243abd835c6f46352cd_mv2.png/v1/crop/x_0,y_599,w_20748,h_12103/fill/w_50,h_29,al_c,q_85,usm_0.66_1.00_0.01,blur_2,e/Mockup TMC.png]
[static.wixstatic.com/media/f68c7b_bdada8d5ddcc4923b97cb2178ed89097_mv2.jpg/v1/crop/x_0,y_637,w_7680,h_4486/fill/w_91,h_53,al_c,q_80,usm_0.66_1.00_0.01,blur_2,e/portfolio-mockup-mobile.12.del]
[browser.sentry-cdn.com/7.120.3/bundle.tracing.es5.min.js]
[static.wixstatic.com/media/f68c7b_d3b2f4667a484e81a4f2ec4afc88e71b_mv2.png/v1/crop/x_0,y_239,w_2880,h_1682/fill/w_51,h_29,al_c,q_85,usm_0.66_1.00_0.01,blur_2,e/portfolio-mockup-mobile (1).15]
[www.karthikjambunathan.com/api/index.html]
[www.karthikjambunathan.com/envelope/index.html]
[browser.sentry-cdn.com/7.120.3/modulemetadata.es5.min.js]
[www.karthikjambunathan.com/sitemap.xml]
[static.wixstatic.com/media/f68c7b_97897a50a97c4641a73f7e7b6d0e597e_mv2.jpg/v1/crop/x_0,y_73,w_2205,h_1288/fill/w_91,h_53,al_c,q_80,usm_0.66_1.00_0.01,blur_2,e/Title Card - Redacted.13.delaye]
[www.karthikjambunathan.com/feed.19.delayed]
[static.parastorage.com/services/wix-thunderbolt/dist/thunderbolt-commons.ef6158d5.bundle.min.js]
[static.parastorage.com/services/wix-thunderbolt/dist/main.f3eaf4a1.bundle.min.js]
[static.parastorage.com/services/wix-thunderbolt/dist/main.renderer.a20626f8.bundle.min.js]
[static.parastorage.com/unpkg/lodash@4.17.21/lodash.min.js]
[static.parastorage.com/unpkg/react@18.3.1/umd/react.production.min.js]
[static.parastorage.com/unpkg/react-dom@18.3.1/umd/react-dom.production.min.js]
[static.parastorage.com/services/wix-thunderbolt/dist/browser-deprecation.bundle.es5.js]
[www.karthikjambunathan.com/decodeURIComponent(e.21.delayed]
[www.karthikjambunathan.com/index.html]
[www.karthikjambunathan.com/i.html]
[www.karthikjambunathan.com/t.html]
[static.parastorage.com/services/tag-manager-client/1.920.0/siteTags.bundle.min.js]
[static.wixstatic.com/media/f68c7b_0fc918f6707b4fce803914505e7abfe7_mv2.png/v1/fill/w_68,h_67,al_c,q_85,usm_0.66_1.00_0.01,enc_avif,quality_auto/houses.png]
[static.wixstatic.com/media/f68c7b_77f3b01ebc4f45a1ba427a4e8d95bc3f_mv2.png/v1/fill/w_53,h_53,al_c,q_85,usm_0.66_1.00_0.01,blur_3,enc_avif,quality_auto/ui-ux.png]
[static.wixstatic.com/media/f68c7b_0d6d0729dc554aeb8cd02e36ddfff81d_mv2.png/v1/fill/w_53,h_53,al_c,q_85,usm_0.66_1.00_0.01,blur_3,enc_avif,quality_auto/code.png]
[static.wixstatic.com/media/f68c7b_a85fefb9abb04bd2b352ff3d2bfaecd0_mv2.png/v1/fill/w_47,h_10,al_c,q_85,usm_0.66_1.00_0.01,blur_2,e/f68c7b_a85fefb9abb04bd2b352ff3d2bfaecd0_mv2.png]
[static.wixstatic.com/media/f68c7b_bdada8d5ddcc4923b97cb2178ed89097_mv2.jpg/v1/crop/x_0,y_494,w_7680,h_3660/fill/w_980,h_521,al_c,q_85,usm_0.66_1.00_0.01,enc_av/portfolio-mockup-mobile.24.del]
[www.karthikjambunathan.com/media/emptystate.85a4add5.28.delayed]
[static.wixstatic.com/media/f68c7b_ba60428f1e4f449fb95ac1bf462b5979_mv2.jpg/v1/fit/w_287,h_611,q_90,enc_avif,quality_auto/f68c7b_ba60428f1e4f449fb95ac1bf462b5979_mv2.jpg]
[static.wixstatic.com/media/f68c7b_91bca92a4c154ccbbab3a04f506acff7_mv2.png/v1/fill/w_53,h_53,al_c,q_85,usm_0.66_1.00_0.01,blur_3,enc_avif,quality_auto/strategy.png]
[static.wixstatic.com/media/f68c7b_bba992e3c87243fbb153c02334629dbc_mv2.png/v1/crop/x_0,y_0,w_1365,h_3613/fill/w_60,h_159,al_c,q_85,usm_0.66_1.00_0.01,blur_2,/ECE_Home.png]
[www.karthikjambunathan.com/redesigning-the-ece-website-home-page.html]
[static.parastorage.com/services/wix-thunderbolt/dist/webpack-runtime.377e0ae1.bundle.min.js]
[static.wixstatic.com/media/f68c7b_730107be5e8349f28e8e070e8bfab88c_mv2.png/v1/fill/w_68,h_67,al_c,q_85,usm_0.66_1.00_0.01,enc_avif,quality_auto/videography.png]
[static.wixstatic.com/media/f68c7b_cda702ddc2c44e179a19dbddacc9c058_mv2.png/v1/fill/w_53,h_53,al_c,q_85,usm_0.66_1.00_0.01,blur_3,enc_avif,quality_auto/vector.png]
[static.wixstatic.com/media/f68c7b_a51804ace5a64eb0ae6daaaf5603ef3c_mv2.png/v1/fill/w_53,h_53,al_c,q_85,usm_0.66_1.00_0.01,blur_3,enc_avif,quality_auto/padlock.png]
[static.wixstatic.com/media/f68c7b_6c6f2abaa6eb42f8b74b723d011fb03b_mv2.png/v1/fill/w_53,h_53,al_c,q_85,usm_0.66_1.00_0.01,blur_3,enc_avif,quality_auto/file.png]
[static.wixstatic.com/media/f68c7b_97897a50a97c4641a73f7e7b6d0e597e_mv2.jpg/v1/crop/x_0,y_178,w_2205,h_1080/fill/w_980,h_480,al_c,q_85,usm_0.66_1.00_0.01,enc_av/Title Card - Redacted.2e.delay]
[static.wixstatic.com/media/f68c7b_1577d8437ce542038958a27c4fbb7153_mv2.png/v1/fill/w_53,h_53,al_c,q_85,usm_0.66_1.00_0.01,blur_3,enc_avif,quality_auto/theater.png]
[static.wixstatic.com/media/f68c7b_22696b8b65c04f59992c682b338c0003_mv2.png/v1/fill/w_53,h_53,al_c,q_85,usm_0.66_1.00_0.01,blur_3,enc_avif,quality_auto/guidelines.png]
[static.wixstatic.com/media/f68c7b_d34c2a8a6843431998569d38d4934d38_mv2.png/v1/fill/w_53,h_53,al_c,q_85,usm_0.66_1.00_0.01,blur_3,enc_avif,quality_auto/background.png]
[static.wixstatic.com/media/f68c7b_258137aa4a2848efa8d66b66bca89210_mv2.png/v1/fill/w_53,h_53,al_c,q_85,usm_0.66_1.00_0.01,blur_3,enc_avif,quality_auto/video.png]
[static.wixstatic.com/media/f68c7b_11fa4db77a464fedbabb99854a7470c6_mv2.png/v1/fill/w_53,h_53,al_c,q_85,usm_0.66_1.00_0.01,blur_3,enc_avif,quality_auto/presentation.png]
[static.wixstatic.com/media/f68c7b_78e5d3b6c8964d71a4430ae274fe4fc2_mv2.png/v1/fill/w_53,h_53,al_c,q_85,usm_0.66_1.00_0.01,blur_3,enc_avif,quality_auto/poster.png]
[static.wixstatic.com/media/f68c7b_026f8159043747e6a95a21cca1004b0b_mv2.png/v1/fill/w_59,h_42,al_c,q_85,usm_0.66_1.00_0.01,blur_2,e/f68c7b_026f8159043747e6a95a21cca1004b0b_mv2.png]
[static.wixstatic.com/media/f68c7b_2165b36f4d23481487b9e171a84c1711_mv2.png/v1/fill/w_59,h_42,al_c,q_85,usm_0.66_1.00_0.01,blur_2,e/f68c7b_2165b36f4d23481487b9e171a84c1711_mv2.png]
[static.wixstatic.com/media/f68c7b_97897a50a97c4641a73f7e7b6d0e597e_mv2.jpg/v1/crop/x_405,y_178,w_1395,h_1080/fill/w_106,h_82,al_c,q_80,usm_0.66_1.00_0.01,blur_2,/Title Card - Redacted.3a.del]
[static.parastorage.com/services/wix-thunderbolt/dist/thunderbolt-commons.834fbaf9.bundle.min.js]
[www.karthikjambunathan.com/case-studies.html]
[static.parastorage.com/services/wix-thunderbolt/dist/main.2386b4c4.bundle.min.js]
[static.parastorage.com/services/editor-elements-library/dist/thunderbolt/media/tiny_arrows.4355fe50.png]
[static.wixstatic.com/media/f68c7b_d19d97a2ce064a43aa7510c1829a79be_mv2.png/v1/fill/w_68,h_67,al_c,q_85,usm_0.66_1.00_0.01,enc_avif,quality_auto/architecture.png]
[static.wixstatic.com/media/f68c7b_c7bf619e5f974243abd835c6f46352cd_mv2.png/v1/crop/x_0,y_1569,w_20748,h_10162/fill/w_980,h_524,al_c,q_90,usm_0.66_1.00_0.01,enc_av/Mockup TMC.png]
[static.wixstatic.com/media/f68c7b_be00b5ffa01d4f4fb781d0857c3e70be_mv2.png/v1/fill/w_60,h_28,al_c,q_85,usm_0.66_1.00_0.01,blur_2,e/f68c7b_be00b5ffa01d4f4fb781d0857c3e70be_mv2.png]
[static.wixstatic.com/media/f68c7b_141daea3f08f4ece8549bfafa61036b0_mv2.png/v1/fill/w_63,h_30,al_c,q_85,usm_0.66_1.00_0.01,blur_2,e/f68c7b_141daea3f08f4ece8549bfafa61036b0_mv2.png]
[static.wixstatic.com/media/f68c7b_d19d97a2ce064a43aa7510c1829a79be_mv2.png/v1/fill/w_53,h_53,al_c,q_85,usm_0.66_1.00_0.01,blur_3,enc_avif,quality_auto/architecture.png]
[static.wixstatic.com/media/f68c7b_36954f688c4949d3b3b08abfa3203032_mv2.png/v1/fill/w_53,h_53,al_c,q_85,usm_0.66_1.00_0.01,blur_3,enc_avif,quality_auto/layout.png]
[static.wixstatic.com/media/f68c7b_02364a036167468ea3abe4985d4cc488_mv2.png/v1/fit/w_1920,h_157,q_90,enc_avif,quality_auto/f68c7b_02364a036167468ea3abe4985d4cc488_mv2.png]
[static.wixstatic.com/media/f68c7b_5413c75b37424514b59dedce0b888aa9_mv2.png/v1/fill/w_60,h_38,al_c,q_85,usm_0.66_1.00_0.01,blur_2,e/f68c7b_5413c75b37424514b59dedce0b888aa9_mv2.png]
[static.wixstatic.com/media/f68c7b_fa24354c2deb4b9eb5b093bf299e3c8e_mv2.png/v1/fill/w_60,h_33,al_c,q_85,usm_0.66_1.00_0.01,blur_2,e/f68c7b_fa24354c2deb4b9eb5b093bf299e3c8e_mv2.png]
[static.wixstatic.com/media/f68c7b_294f16b5a1494ce8b9141ff99bb8352e_mv2.png/v1/fill/w_49,h_28,al_c,q_85,usm_0.66_1.00_0.01,blur_2,e/f68c7b_294f16b5a1494ce8b9141ff99bb8352e_mv2.png]
[static.wixstatic.com/media/f68c7b_9f631bb240ef4737a53ae50f3c2d3d55_mv2.png/v1/fill/w_49,h_28,al_c,q_85,usm_0.66_1.00_0.01,blur_2,e/f68c7b_9f631bb240ef4737a53ae50f3c2d3d55_mv2.png]
[static.wixstatic.com/media/f68c7b_920eb57601c6420ea623c589871c0e47_mv2.png/v1/fill/w_49,h_28,al_c,q_85,usm_0.66_1.00_0.01,blur_2,e/f68c7b_920eb57601c6420ea623c589871c0e47_mv2.png]
[static.wixstatic.com/media/f68c7b_4e9da4dce1a84842815ab381e3583960_mv2.png/v1/fill/w_49,h_24,al_c,q_85,usm_0.66_1.00_0.01,blur_2,e/f68c7b_4e9da4dce1a84842815ab381e3583960_mv2.png]
[static.wixstatic.com/media/f68c7b_041d2add8a1c4e78939fdd5132239d84_mv2.png/v1/fill/w_49,h_24,al_c,q_85,usm_0.66_1.00_0.01,blur_2,e/f68c7b_041d2add8a1c4e78939fdd5132239d84_mv2.png]
[static.wixstatic.com/media/f68c7b_bd8f26b6c1544b698f715438f1631d91_mv2.png/v1/fill/w_49,h_24,al_c,q_85,usm_0.66_1.00_0.01,blur_2,e/f68c7b_bd8f26b6c1544b698f715438f1631d91_mv2.png]
[www.karthikjambunathan.com/navigation-menu-textile-museum.html]
[static.wixstatic.com/media/f68c7b_42c6605255c641759636ffd2ca8571bc_mv2.png/v1/fill/w_68,h_67,al_c,q_85,usm_0.66_1.00_0.01,enc_avif,quality_auto/ticket.png]
[static.wixstatic.com/media/f68c7b_d3b2f4667a484e81a4f2ec4afc88e71b_mv2.png/v1/fill/w_980,h_734,al_c,q_90,usm_0.66_1.00_0.01,enc_avif,quality_auto/portfolio-mockup-mobile (1).png]
[static.wixstatic.com/media/f68c7b_0b70057d51794d698e8b41ff6f18983a_mv2.png/v1/crop/x_25,y_22,w_187,h_187/fill/w_56,h_56,al_c,q_85,usm_0.66_1.00_0.01,blur_2,enc_avif,quality_auto/image.png]
[static.wixstatic.com/media/f68c7b_ac4f76ecdc8c40cebb55292f0a30f77e_mv2.png/v1/fill/w_71,h_150,al_c,q_85,usm_0.66_1.00_0.01,blur_2,enc_avif,quality_auto/Tickets.png]
[static.wixstatic.com/media/f68c7b_6e40dc97b96b43999279548234e7e79f_mv2.png/v1/fill/w_71,h_150,al_c,q_85,usm_0.66_1.00_0.01,blur_2,enc_avif,quality_auto/Tickets-Saved.png]
[static.wixstatic.com/media/f68c7b_c2ed11a783f3440fac0b4e7bedcd8a4f_mv2.png/v1/fill/w_71,h_150,al_c,q_85,usm_0.66_1.00_0.01,blur_2,enc_avif,quality_auto/Tickets-Expanded.png]
[static.wixstatic.com/media/f68c7b_1334432edd674e32a1c20d085e615863_mv2.png/v1/fill/w_71,h_150,al_c,q_85,usm_0.66_1.00_0.01,blur_2,enc_avif,quality_auto/Discover.png]
[static.wixstatic.com/media/f68c7b_ef9f5d474798423a9378debd03fb9816_mv2.png/v1/fill/w_71,h_150,al_c,q_85,usm_0.66_1.00_0.01,blur_2,enc_avif,quality_auto/Discover-1.png]
[www.karthikjambunathan.com/museum-tickets-app.html]
[static.wixstatic.com/media/f68c7b_67a5d3f3b7d941b1b21009b3b439664b_mv2.png/v1/fill/w_123,h_123,al_c,q_85,usm_0.66_1.00_0.01,enc_av/f68c7b_67a5d3f3b7d941b1b21009b3b439664b_mv2.png]
[static.wixstatic.com/media/f68c7b_ea1a815b6c1f49aea9071e81a34c3d86_mv2.png/v1/crop/x_105,y_94,w_338,h_353/fill/w_90,h_94,al_c,q_85,usm_0.66_1.00_0.01,enc_avif/f68c7b_ea1a815b6c1f49aea9071e81]
[static.wixstatic.com/media/f68c7b_66600991d9b645ba903427269de5b907_mv2.png/v1/fill/w_73,h_85,al_c,q_85,usm_0.66_1.00_0.01,enc_avif/f68c7b_66600991d9b645ba903427269de5b907_mv2.png]
[static.wixstatic.com/media/f68c7b_84d4e7427fe24cbbb7b45620df7c4489_mv2.png/v1/fill/w_59,h_28,al_c,q_85,usm_0.66_1.00_0.01,blur_2,enc_avif,quality_auto/Capture_PNG.png]
[static.wixstatic.com/media/f68c7b_2359e989050242598c5c1679a779f506_mv2.png/v1/fill/w_60,h_34,al_c,q_85,usm_0.66_1.00_0.01,blur_2,enc_avif,quality_auto/Netflix Languages Screen.png]
[static.wixstatic.com/media/f68c7b_0b9935b7dc7f458693d5a114a0acd6b7_mv2.png/v1/fill/w_60,h_27,al_c,q_85,usm_0.66_1.00_0.01,blur_2,enc_avif,quality_auto/Current TFRBL_PNG.png]
[static.wixstatic.com/media/f68c7b_737a389a6be44d84b350c8856bd05389_mv2.jpg/v1/fill/w_120,h_170,al_c,q_80,usm_0.66_1.00_0.01,blur_2/Fisher Rare Book Library Exhibitions Page (1).jpg]
[www.karthikjambunathan.com/ui-redesigns-web-platforms.html]
[static.wixstatic.com/media/f68c7b_101311c7ca5847eda650cdf581023f25_mv2.png/v1/fill/w_100,h_24,al_c,q_85,usm_0.66_1.00_0.01,blur_2,enc_avif,quality_auto/ECE_Signature_655 1.png]
[static.wixstatic.com/media/f68c7b_4c10a1304cb940d3ba60e6e44d024baa_mv2.jpg/v1/crop/x_0,y_17,w_5760,h_7290/fill/w_95,h_120,al_c,q_80,usm_0.66_1.00_0.01,blur_2,/CBC Radio Canada Careers Page.5]
[static.wixstatic.com/media/f68c7b_fda286ec8fd44a06a91729f27e486833_mv2.png/v1/fill/w_76,h_24,al_c,q_85,usm_0.66_1.00_0.01,blur_2,e/c18bf2_716a6a8ec693486fab42e8425f91548d_.png]
[static.wixstatic.com/media/f68c7b_19baee97a4894b8cb0191493fb4619eb_mv2.jpg/v1/crop/x_193,y_18,w_2167,h_2115/fill/w_379,h_582,al_c,q_80,usm_0.66_1.00_0.01,enc_av/Polish_20241011_202720918 (1)]
[static.wixstatic.com/media/f68c7b_c9fcf2b8186745cf9b207063fe6dafa9_mv2.png/v1/fill/w_186,h_93,al_c,q_85,usm_0.66_1.00_0.01,blur_3,enc_avif,quality_auto/assets_stickpng.png]
[static.wixstatic.com/media/f68c7b_73a2e1a997954d86a5d3d62dd3a6a060_mv2.png/v1/fill/w_199,h_112,al_c,q_85,usm_0.66_1.00_0.01,blur_3,enc_avif,quality_auto/logos-world (1).png]
[static.wixstatic.com/media/f68c7b_67f757d34182455697d8ea12ee4e7d54_mv2.png/v1/fill/w_147,h_95,al_c,q_85,usm_0.66_1.00_0.01,blur_3,enc_avif,quality_auto/clipart.png]
[static.wixstatic.com/media/f68c7b_019d07dd6c884405af93587c3beeae22_mv2.png/v1/fill/w_176,h_117,al_c,q_85,usm_0.66_1.00_0.01,blur_3,enc_avif,quality_auto/assets_stickpng (1).png]
[static.wixstatic.com/media/f68c7b_8c25303a3b644e4cb4b4a1c04e1b6efd_mv2.png/v1/fill/w_185,h_131,al_c,q_85,usm_0.66_1.00_0.01,blur_3/f68c7b_8c25303a3b644e4cb4b4a1c04e1b6efd_mv2.png]
[static.wixstatic.com/media/f68c7b_5b7a92e637f747d1a0308d30781d1056_mv2.png/v1/fill/w_145,h_94,al_c,q_85,usm_0.66_1.00_0.01,blur_3,/f68c7b_5b7a92e637f747d1a0308d30781d1056_mv2.png]
[www.karthikjambunathan.com/sono.html]
[www.karthikjambunathan.com/api/index.html]
[www.karthikjambunathan.com/envelope/index.html]
[www.karthikjambunathan.com/feed.html]
[www.karthikjambunathan.com/decodeURIComponent(e.html]
[www.karthikjambunathan.com/media/emptystate.85a4add5.html]
